../Core/Src/main.c:85:19:LCD_SendInternal	32	static
../Core/Src/main.c:107:6:LCD_SendCommand	16	static
../Core/Src/main.c:111:6:LCD_SendData	16	static
../Core/Src/main.c:115:6:LCD_Init	16	static
../Core/Src/main.c:126:6:LCD_SendString	16	static
../Core/Src/main.c:133:6:LCD_SET_CGRAM	24	static
../Core/Src/main.c:147:6:Flash_Unlock	4	static
../Core/Src/main.c:152:6:Flash_Lock	4	static
../Core/Src/main.c:156:6:Flash_Write	16	static
../Core/Src/main.c:168:6:Flash_Write_StrInt	24	static
../Core/Src/main.c:175:10:Flash_Read	16	static
../Core/Src/main.c:179:6:Flash_Erase_Page	16	static
../Core/Src/main.c:197:6:parseGPSData	24	static
../Core/Src/main.c:243:6:SetMode	16	static
../Core/Src/main.c:264:6:LoRa_SendData	16	static
../Core/Src/main.c:295:5:_write	24	static
../Core/Src/main.c:310:1:__io_putchar	16	static
../Core/Src/main.c:327:5:main	48	static
../Core/Src/main.c:489:6:SystemClock_Config	72	static
../Core/Src/main.c:528:13:MX_I2C1_Init	8	static
../Core/Src/main.c:562:13:MX_USART1_UART_Init	8	static
../Core/Src/main.c:595:13:MX_USART2_UART_Init	8	static
../Core/Src/main.c:628:13:MX_USART3_UART_Init	8	static
../Core/Src/main.c:659:13:MX_DMA_Init	16	static
../Core/Src/main.c:677:13:MX_GPIO_Init	32	static
../Core/Src/main.c:747:6:HAL_GPIO_EXTI_Callback	16	static
../Core/Src/main.c:762:6:HAL_UART_RxCpltCallback	16	static
../Core/Src/main.c:816:6:Error_Handler	4	static,ignoring_inline_asm
