../Core/Src/main.c:93:19:LCD_SendInternal	32	static
../Core/Src/main.c:117:6:LCD_SendCommand	16	static
../Core/Src/main.c:121:6:LCD_SendData	16	static
../Core/Src/main.c:125:6:LCD_Init	16	static
../Core/Src/main.c:136:6:LCD_SendString	16	static
../Core/Src/main.c:143:6:LCD_SET_CGRAM	24	static
../Core/Src/main.c:151:6:LCD_Write_Info	16	static
../Core/Src/main.c:178:6:Flash_Unlock	4	static
../Core/Src/main.c:183:6:Flash_Lock	4	static
../Core/Src/main.c:187:6:Flash_Write	16	static
../Core/Src/main.c:201:6:Flash_Write_StrInt	24	static
../Core/Src/main.c:208:10:Flash_Write_Char	16	static
../Core/Src/main.c:215:10:Flash_Write_Str	24	static
../Core/Src/main.c:223:10:Flash_Write_Data	136	static
../Core/Src/main.c:277:10:Flash_Read	16	static
../Core/Src/main.c:281:6:Flash_Erase_Page	16	static
../Core/Src/main.c:296:6:splitData	24	static
../Core/Src/main.c:315:10:CallData	96	static
../Core/Src/main.c:338:6:parseGPSData	24	static
../Core/Src/main.c:384:6:SetMode	16	static
../Core/Src/main.c:405:6:LoRa_SendData	16	static
../Core/Src/main.c:439:5:_write	24	static
../Core/Src/main.c:454:1:__io_putchar	16	static
../Core/Src/main.c:471:5:main	152	static
../Core/Src/main.c:635:6:SystemClock_Config	72	static
../Core/Src/main.c:671:13:MX_I2C1_Init	8	static
../Core/Src/main.c:703:13:MX_USART1_UART_Init	8	static
../Core/Src/main.c:734:13:MX_USART2_UART_Init	8	static
../Core/Src/main.c:765:13:MX_USART3_UART_Init	8	static
../Core/Src/main.c:794:13:MX_DMA_Init	16	static
../Core/Src/main.c:811:13:MX_GPIO_Init	32	static
../Core/Src/main.c:882:6:HAL_GPIO_EXTI_Callback	16	static
../Core/Src/main.c:896:6:HAL_UART_RxCpltCallback	16	static
../Core/Src/main.c:939:6:Error_Handler	4	static,ignoring_inline_asm
