../Core/Src/main.c:79:19:LCD_SendInternal	32	static
../Core/Src/main.c:101:6:LCD_SendCommand	16	static
../Core/Src/main.c:105:6:LCD_SendData	16	static
../Core/Src/main.c:109:6:LCD_Init	16	static
../Core/Src/main.c:120:6:LCD_SendString	16	static
../Core/Src/main.c:139:5:_write	24	static
../Core/Src/main.c:154:1:__io_putchar	16	static
../Core/Src/main.c:171:5:main	8	static
../Core/Src/main.c:256:6:SystemClock_Config	72	static
../Core/Src/main.c:292:13:MX_I2C1_Init	8	static
../Core/Src/main.c:324:13:MX_USART1_UART_Init	8	static
../Core/Src/main.c:355:13:MX_USART2_UART_Init	8	static
../Core/Src/main.c:386:13:MX_USART3_UART_Init	8	static
../Core/Src/main.c:417:13:MX_GPIO_Init	32	static
../Core/Src/main.c:478:6:HAL_UART_RxCpltCallback	16	static
../Core/Src/main.c:520:6:Error_Handler	4	static,ignoring_inline_asm
