../Core/Src/main.c:94:19:LCD_SendInternal	32	static
../Core/Src/main.c:118:6:LCD_SendCommand	16	static
../Core/Src/main.c:122:6:LCD_SendData	16	static
../Core/Src/main.c:126:6:LCD_Init	16	static
../Core/Src/main.c:137:6:LCD_SendString	16	static
../Core/Src/main.c:144:6:LCD_SET_CGRAM	24	static
../Core/Src/main.c:152:6:LCD_Write_Info	16	static
../Core/Src/main.c:174:6:updateLCD	120	static
../Core/Src/main.c:182:6:Flash_Unlock	4	static
../Core/Src/main.c:187:6:Flash_Lock	4	static
../Core/Src/main.c:191:6:Flash_Write	16	static
../Core/Src/main.c:205:6:Flash_Write_StrInt	24	static
../Core/Src/main.c:212:10:Flash_Write_Char	16	static
../Core/Src/main.c:219:10:Flash_Write_Str	24	static
../Core/Src/main.c:227:10:Flash_Write_Data	24	static
../Core/Src/main.c:286:10:Flash_Read	16	static
../Core/Src/main.c:290:6:Flash_Erase_Page	16	static
../Core/Src/main.c:305:6:splitData	24	static
../Core/Src/main.c:326:10:CallData	96	static
../Core/Src/main.c:349:8:convertToDecimalDegrees	48	static
../Core/Src/main.c:376:6:parseGPSData	48	static
../Core/Src/main.c:421:6:CheckGPS	40	static
../Core/Src/main.c:442:6:SetMode	16	static
../Core/Src/main.c:463:6:LoRa_SendData	16	static
../Core/Src/main.c:495:5:_write	24	static
../Core/Src/main.c:510:1:__io_putchar	16	static
../Core/Src/main.c:529:5:main	40	static
../Core/Src/main.c:739:6:SystemClock_Config	72	static
../Core/Src/main.c:775:13:MX_I2C1_Init	8	static
../Core/Src/main.c:807:13:MX_USART1_UART_Init	8	static
../Core/Src/main.c:838:13:MX_USART2_UART_Init	8	static
../Core/Src/main.c:869:13:MX_USART3_UART_Init	8	static
../Core/Src/main.c:898:13:MX_DMA_Init	16	static
../Core/Src/main.c:915:13:MX_GPIO_Init	32	static
../Core/Src/main.c:986:6:HAL_GPIO_EXTI_Callback	16	static
../Core/Src/main.c:1000:6:HAL_UART_RxCpltCallback	16	static
../Core/Src/main.c:1065:6:Error_Handler	4	static,ignoring_inline_asm
