../Core/Src/main.c:81:19:LCD_SendInternal	32	static
../Core/Src/main.c:103:6:LCD_SendCommand	16	static
../Core/Src/main.c:107:6:LCD_SendData	16	static
../Core/Src/main.c:111:6:LCD_Init	16	static
../Core/Src/main.c:122:6:LCD_SendString	16	static
../Core/Src/main.c:129:6:LCD_SET_CGRAM	24	static
../Core/Src/main.c:138:6:Flash_Unlock	4	static
../Core/Src/main.c:143:6:Flash_Lock	4	static
../Core/Src/main.c:147:6:Flash_Write	16	static
../Core/Src/main.c:159:6:Flash_Write_Str	24	static
../Core/Src/main.c:166:10:Flash_Read	16	static
../Core/Src/main.c:170:6:Flash_Erase_Page	16	static
../Core/Src/main.c:202:5:_write	24	static
../Core/Src/main.c:217:1:__io_putchar	16	static
../Core/Src/main.c:234:5:main	24	static
../Core/Src/main.c:337:6:SystemClock_Config	72	static
../Core/Src/main.c:376:13:MX_I2C1_Init	8	static
../Core/Src/main.c:410:13:MX_USART1_UART_Init	8	static
../Core/Src/main.c:443:13:MX_USART2_UART_Init	8	static
../Core/Src/main.c:476:13:MX_USART3_UART_Init	8	static
../Core/Src/main.c:509:13:MX_GPIO_Init	32	static
../Core/Src/main.c:579:6:HAL_GPIO_EXTI_Callback	16	static
../Core/Src/main.c:594:6:HAL_UART_RxCpltCallback	16	static
../Core/Src/main.c:636:6:Error_Handler	4	static,ignoring_inline_asm
