../Core/Src/main.c:118:6:HAL_UARTEx_RxEventCallback	24	static
../Core/Src/main.c:139:19:LCD_SendInternal	32	static
../Core/Src/main.c:163:6:LCD_SendCommand	16	static
../Core/Src/main.c:167:6:LCD_SendData	16	static
../Core/Src/main.c:171:6:LCD_Init	16	static
../Core/Src/main.c:182:6:LCD_SendString	16	static
../Core/Src/main.c:189:6:LCD_SET_CGRAM	24	static
../Core/Src/main.c:197:6:LCD_Write_Info	16	static
../Core/Src/main.c:226:6:updateLCD	120	static
../Core/Src/main.c:230:6:notGPSLCD	16	static
../Core/Src/main.c:252:6:LCD_Write_Arrive	16	static
../Core/Src/main.c:279:6:Flash_Unlock	4	static
../Core/Src/main.c:284:6:Flash_Lock	4	static
../Core/Src/main.c:288:6:Flash_Write	16	static
../Core/Src/main.c:302:6:Flash_Write_StrInt	24	static
../Core/Src/main.c:309:10:Flash_Write_Char	16	static
../Core/Src/main.c:316:10:Flash_Write_Str	24	static
../Core/Src/main.c:324:10:Flash_Write_Data	24	static
../Core/Src/main.c:383:10:Flash_Read	16	static
../Core/Src/main.c:387:6:Flash_Erase_Page	16	static
../Core/Src/main.c:402:6:splitData	24	static
../Core/Src/main.c:423:10:CallData	96	static
../Core/Src/main.c:442:6:Flash_Clear	8	static
../Core/Src/main.c:456:8:convertToDecimalDegrees	48	static
../Core/Src/main.c:483:6:parseGPSData	48	static
../Core/Src/main.c:533:6:CheckGPS	40	static
../Core/Src/main.c:551:6:NowBusStop	80	static
../Core/Src/main.c:588:6:SetMode	16	static
../Core/Src/main.c:609:6:LoRa_SendData	16	static
../Core/Src/main.c:623:6:parseLora	24	static
../Core/Src/main.c:686:5:_write	24	static
../Core/Src/main.c:701:1:__io_putchar	16	static
../Core/Src/main.c:729:5:main	152	static
../Core/Src/main.c:1085:6:SystemClock_Config	72	static
../Core/Src/main.c:1124:13:MX_I2C1_Init	8	static
../Core/Src/main.c:1158:13:MX_USART1_UART_Init	8	static
../Core/Src/main.c:1191:13:MX_USART2_UART_Init	8	static
../Core/Src/main.c:1224:13:MX_USART3_UART_Init	8	static
../Core/Src/main.c:1255:13:MX_DMA_Init	16	static
../Core/Src/main.c:1276:13:MX_GPIO_Init	32	static
../Core/Src/main.c:1346:6:HAL_GPIO_EXTI_Callback	16	static
../Core/Src/main.c:1419:6:HAL_UART_RxCpltCallback	16	static
../Core/Src/main.c:1466:6:Error_Handler	4	static,ignoring_inline_asm
