../Core/Src/main.c:94:19:LCD_SendInternal	32	static
../Core/Src/main.c:118:6:LCD_SendCommand	16	static
../Core/Src/main.c:122:6:LCD_SendData	16	static
../Core/Src/main.c:126:6:LCD_Init	16	static
../Core/Src/main.c:137:6:LCD_SendString	16	static
../Core/Src/main.c:144:6:LCD_SET_CGRAM	24	static
../Core/Src/main.c:152:6:LCD_Write_Info	16	static
../Core/Src/main.c:179:6:Flash_Unlock	4	static
../Core/Src/main.c:184:6:Flash_Lock	4	static
../Core/Src/main.c:188:6:Flash_Write	16	static
../Core/Src/main.c:202:6:Flash_Write_StrInt	24	static
../Core/Src/main.c:209:10:Flash_Write_Char	16	static
../Core/Src/main.c:216:10:Flash_Write_Str	24	static
../Core/Src/main.c:224:10:Flash_Write_Data	136	static
../Core/Src/main.c:278:10:Flash_Read	16	static
../Core/Src/main.c:282:6:Flash_Erase_Page	16	static
../Core/Src/main.c:297:6:splitData	24	static
../Core/Src/main.c:316:10:CallData	96	static
../Core/Src/main.c:339:8:convertToDecimalDegrees	48	static
../Core/Src/main.c:365:6:parseGPSData	48	static
../Core/Src/main.c:414:6:SetMode	16	static
../Core/Src/main.c:435:6:LoRa_SendData	16	static
../Core/Src/main.c:469:5:_write	24	static
../Core/Src/main.c:484:1:__io_putchar	16	static
../Core/Src/main.c:501:5:main	152	static
../Core/Src/main.c:674:6:SystemClock_Config	72	static
../Core/Src/main.c:710:13:MX_I2C1_Init	8	static
../Core/Src/main.c:742:13:MX_USART1_UART_Init	8	static
../Core/Src/main.c:773:13:MX_USART2_UART_Init	8	static
../Core/Src/main.c:804:13:MX_USART3_UART_Init	8	static
../Core/Src/main.c:833:13:MX_DMA_Init	16	static
../Core/Src/main.c:850:13:MX_GPIO_Init	32	static
../Core/Src/main.c:921:6:HAL_GPIO_EXTI_Callback	16	static
../Core/Src/main.c:935:6:HAL_UART_RxCpltCallback	16	static
../Core/Src/main.c:978:6:Error_Handler	4	static,ignoring_inline_asm
