../Core/Src/main.c:112:6:HAL_UARTEx_RxEventCallback	24	static
../Core/Src/main.c:134:19:LCD_SendInternal	32	static
../Core/Src/main.c:158:6:LCD_SendCommand	16	static
../Core/Src/main.c:162:6:LCD_SendData	16	static
../Core/Src/main.c:166:6:LCD_Init	16	static
../Core/Src/main.c:177:6:LCD_SendString	16	static
../Core/Src/main.c:184:6:LCD_SET_CGRAM	24	static
../Core/Src/main.c:192:6:LCD_Write_Info	16	static
../Core/Src/main.c:214:6:updateLCD	120	static
../Core/Src/main.c:218:6:notGPSLCD	16	static
../Core/Src/main.c:240:6:LCD_Write_Arrive	16	static
../Core/Src/main.c:267:6:Flash_Unlock	4	static
../Core/Src/main.c:272:6:Flash_Lock	4	static
../Core/Src/main.c:276:6:Flash_Write	16	static
../Core/Src/main.c:290:6:Flash_Write_StrInt	24	static
../Core/Src/main.c:297:10:Flash_Write_Char	16	static
../Core/Src/main.c:304:10:Flash_Write_Str	24	static
../Core/Src/main.c:312:10:Flash_Write_Data	24	static
../Core/Src/main.c:371:10:Flash_Read	16	static
../Core/Src/main.c:375:6:Flash_Erase_Page	16	static
../Core/Src/main.c:390:6:splitData	24	static
../Core/Src/main.c:411:10:CallData	96	static
../Core/Src/main.c:430:6:Flash_Clear	8	static
../Core/Src/main.c:444:8:convertToDecimalDegrees	48	static
../Core/Src/main.c:471:6:parseGPSData	48	static
../Core/Src/main.c:522:6:CheckGPS	40	static
../Core/Src/main.c:539:6:NowBusStop	48	static
../Core/Src/main.c:564:6:SetMode	16	static
../Core/Src/main.c:585:6:LoRa_SendData	16	static
../Core/Src/main.c:599:6:parseLora	24	static
../Core/Src/main.c:660:5:_write	24	static
../Core/Src/main.c:675:1:__io_putchar	16	static
../Core/Src/main.c:699:5:main	152	static
../Core/Src/main.c:1028:6:SystemClock_Config	72	static
../Core/Src/main.c:1064:13:MX_I2C1_Init	8	static
../Core/Src/main.c:1096:13:MX_USART1_UART_Init	8	static
../Core/Src/main.c:1127:13:MX_USART2_UART_Init	8	static
../Core/Src/main.c:1158:13:MX_USART3_UART_Init	8	static
../Core/Src/main.c:1187:13:MX_DMA_Init	16	static
../Core/Src/main.c:1204:13:MX_GPIO_Init	32	static
../Core/Src/main.c:1275:6:HAL_GPIO_EXTI_Callback	16	static
../Core/Src/main.c:1289:6:HAL_UART_RxCpltCallback	16	static
../Core/Src/main.c:1356:6:Error_Handler	4	static,ignoring_inline_asm
